[1/134] AgP3 (SILVER TRIPHOSPHIDE) elements=['Ag', 'P']
[2/134] AlB12 (ALUMINIUM DODECABORIDE) elements=['Al', 'B']
  -> matched COD 2310322 (C m c m), wrote AlB12_COD2310322.cif
[3/134] Al18B4O33 (18-ALUMINIUM 4-BORON 33-OXIDE) elements=['Al', 'B', 'O']
  -> matched COD 1545125 (C m c 21), wrote Al18B4O33_COD1545125.cif
[4/134] Al6Si2O13 (MULLITE) elements=['Al', 'O', 'Si']
  -> matched COD 9001567 (P b a m), wrote Al6Si2O13_COD9001567.cif
[5/134] Am (AMERICIUM) elements=['Am']
  -> matched COD 9008461 (F m -3 m), wrote Am_COD9008461.cif
[6/134] Au3AsO4 (TRIGOLD ARSENATE) elements=['As', 'Au', 'O']
[7/134] Au(OH)3 (GOLD TRIHYDROXIDE (PRECIPITATED)) elements=['Au', 'H', 'O']
[8/134] Ba3Al2O6 (TRIBARIUM DIALUMINIUM HEXAOXIDE) elements=['Al', 'Ba', 'O']
[9/134] Be3(AsO4)2 (BERYLLIUM ARSENATE) elements=['As', 'Be', 'O']
[10/134] Be3B206 (TRIBERYLLIUM DIBORATE) elements=['B', 'Be', 'O']
[11/134] BeSO4*2H2O (BERYLLIUM SULFATE DIHYDRATE) elements=['Be', 'H', 'O', 'S']
[12/134] BeWO4 (BERYLLIUM TUNGSTATE) elements=['Be', 'O', 'W']
[13/134] Ca(NO3)2*2H2O (CALCIUM NITRATE DIHYDRATE) elements=['Ca', 'H', 'N', 'O']
[14/134] Ca(NO3)2*3H2O (CALCIUM NITRATE TRIHYDRATE) elements=['Ca', 'H', 'N', 'O']
[15/134] Ca8Al2O6*6H2O (3-CALCIUM 2-ALUMIN. 6-OXIDE 6-HYDRATE) elements=['Al', 'Ca', 'H', 'O']
[16/134] Ca8Al2SiO12 (GROSSULAR) elements=['Al', 'Ca', 'O', 'Si']
[17/134] Ca(OCl)Cl (CALCIUM CHLORIDE HYPOCHLORITE) elements=['Ca', 'Cl', 'O']
[18/134] CaMgO2 (CALCIUM MAGNESIUM DIOXIDE) elements=['Ca', 'Mg', 'O']
[19/134] CaSi2O5*2H2O (CALCIUM 2-SILICATE 2-HYDRATE) elements=['Ca', 'H', 'O', 'Si']
  -> matched COD 9015622 (P -1), wrote CaSi2O5_hyd_2H2O_COD9015622.cif
[20/134] Ca2Si3O8*2.5H2O (2-CALCIUM 3-SILICATE 5/2-HYDRATE) elements=['Ca', 'H', 'O', 'Si']
  -> matched COD 9005498 (B 1 1 m), wrote Ca2Si3O8_hyd_2.5H2O_COD9005498.cif
[21/134] Ca2SiO4*7/6H2O (CALCIUM ORTHOSILICATE 7/6-HYDRATE) elements=['Ca', 'H', 'O', 'Si']
[22/134] Ca4Si3O10*1.5H2O (4-CALCIUM 3-SILICATE 3/2-HYDRATE) elements=['Ca', 'H', 'O', 'Si']
[23/134] Ca5Si6O17*3H2O (5-CALCIUM 6-SILICATE 3-HYDRATE) elements=['Ca', 'H', 'O', 'Si']
[24/134] Ca5Si6O17*5.5H2O (5-CALCIUM 6-SILICATE 5.5-HYDRATE) elements=['Ca', 'H', 'O', 'Si']
  -> matched COD 9005498 (B 1 1 m), wrote Ca5Si6O17_hyd_5.5H2O_COD9005498.cif
[25/134] Ca5Si6O17*10.5w (5-CALCIUM 6-SILICATE 10.5-HYDRATE) elements=['Ca', 'H', 'O', 'Si']
[26/134] Ca8Ti2O7 (3-CALCIUM 2-TITANIUM 7-OXIDE) elements=['Ca', 'O', 'Ti']
[27/134] CaSO3 (CALCIUM SULFITE) elements=['Ca', 'O', 'S']
[28/134] CaSO3*0.5H2O (CALCIUM SULFITE HEMIHYDRATE) elements=['Ca', 'H', 'O', 'S']
  -> matched COD 9009798 (P b n a), wrote CaSO3_hyd_0.5H2O_COD9009798.cif
[29/134] CaSO4*0.5H2O (CALCIUM SULFATE HEMIHYDRATE) elements=['Ca', 'H', 'O', 'S']
  -> matched COD 1010918 (P 32 2 1 S), wrote CaSO4_hyd_0.5H2O_COD1010918.cif
[30/134] Cd11U (11-CADMIUM URANIUM) elements=['Cd', 'U']
[31/134] Ce2(SO4)3 (CERIUM SULFATE) elements=['Ce', 'O', 'S']
[32/134] CoS0.89 (COBALT 0.89-SULFIDE) elements=['Co', 'S']
  -> matched COD 1011206 (F m -3 m), wrote CoS0.89_COD1011206.cif
[33/134] CoSb0.98 (COBALT 0.98-ANTIMONY) elements=['Co', 'Sb']
  -> matched COD 1541039 (P 63/m m c), wrote CoSb0.98_COD1541039.cif
[34/134] Cr3(AsO4)2 (TRICHROMIUM ARSENATE) elements=['As', 'Cr', 'O']
[35/134] CrS1.17 (CHROMIUM 1.17-SULFIDE) elements=['Cr', 'S']
  -> matched COD 9007439 (P -3 1 c), wrote CrS1.17_COD9007439.cif
[36/134] Cu3AsO4 (TRICOPPER ARSENATE) elements=['As', 'Cu', 'O']
[37/134] DyCI3*6H2O (DYSPROSIUM CHLORIDE HEXAHYDRATE) elements=['Cl', 'Dy', 'H', 'O']
[38/134] ErCl3*6H2O (ERBIUM CHLORIDE HEXAHYDRATE) elements=['Cl', 'Er', 'H', 'O']
[39/134] EuCl3*6H2O (EUROPIUM CHLORIDE HEXAHYDRATE) elements=['Cl', 'Eu', 'H', 'O']
[40/134] Fe3Mo2 (3-IRON 2-MOLYBDENUM) elements=['Fe', 'Mo']
[41/134] Fe0.9470 (WUESTITE) elements=['Fe', 'O']
  -> matched COD 1541150 (F m -3 m), wrote Fe0.9470_COD1541150.cif
[42/134] Fe(OH)3 (IRON TRIHYDROXIDE) elements=['Fe', 'H', 'O']
[43/134] Fe0.8778 (PYRRHOTITE) elements=['Fe', 'S']
  -> matched COD 2104739 (C 1 2/c 1), wrote Fe0.8778_COD2104739.cif
[44/134] FeSe0.96 (IRON 0.96-SELENIDE) elements=['Fe', 'Se']
  -> matched COD 1010298 (P 4/n m m :1), wrote FeSe0.96_COD1010298.cif
[45/134] FeSi2.33 (LEBOITE (ALPHA)) elements=['Fe', 'Si']
[46/134] FeTe0.9 (IRON 0.9-TELLURIDE) elements=['Fe', 'Te']
  -> matched COD 4102702 (P 4/n m m :2), wrote FeTe0.9_COD4102702.cif
[47/134] Ga2(SeO4)3 (GALLIUM SELENATE) elements=['Ga', 'O', 'Se']
[48/134] Gdl3 (GADOLINIUM IODIDE) elements=['Gd', 'I']
[49/134] GeU (GERMANIUM URANIUM) elements=['Ge', 'U']
[50/134] Ge5U3 (5-GERMANIUM 3-URANIUM) elements=['Ge', 'U']
  -> matched COD 6000358 (P 6/m m m), wrote Ge5U3_COD6000358.cif
[51/134] HoCl3*6H2O (HOLMIUM CHLORIDE HEXAHYDRATE) elements=['Cl', 'H', 'Ho', 'O']
[52/134] InAsO4 (INDIUM ARSENATE) elements=['As', 'In', 'O']
[53/134] In5S6 (PENTAINDIUM HEXASULFIDE) elements=['In', 'S']
  -> matched COD 2310405 (P 1 21/m 1), wrote In5S6_COD2310405.cif
[54/134] In2Te (DIINDIUM TELLURIDE) elements=['In', 'Te']
[55/134] Irl2 (IRIDIUM DIIODIDE) elements=['I', 'Ir']
[56/134] KAI(SO4)2*3H2O (POTASSIUM ALUMIN. SULFATE 3-HYDRATE) elements=['Al', 'H', 'K', 'O', 'S']
[57/134] KAI(SO4)2*12H2O (+POTASSIUM ALUMIN. SULFATE 12-HYDR.) elements=['Al', 'H', 'K', 'O', 'S']
  -> matched COD 1011177 (P a -3), wrote KAI_SO4_2_hyd_12H2O_COD1011177.cif
[58/134] K2B8O13 (DIPOTASSIUM OCTABORATE) elements=['B', 'K', 'O']
  -> matched COD 2310622 (P b c a), wrote K2B8O13_COD2310622.cif
[59/134] LiBeF3 (LITHIUM TRIFLUOROBERYLLATE) elements=['Be', 'F', 'Li']
[60/134] Mg(OH)Cl (MAGNESIUM CHLORIDE HYDROXIDE) elements=['Cl', 'H', 'Mg', 'O']
[61/134] Mg7Si8O22(OH)2 (ANTHOPHYLLITE) elements=['H', 'Mg', 'O', 'Si']
  -> matched COD 1010935 (P n m a), wrote Mg7Si8O22_OH_2_COD1010935.cif
[62/134] Mn3(AsO4)2 (MANGANESE ARSENATE) elements=['As', 'Mn', 'O']
  -> matched COD 1560681 (P 1 21/n 1), wrote Mn3_AsO4_2_COD1560681.cif
[63/134] Mn15C4 (15-MANGANESE 4-CARBIDE) elements=['C', 'Mn']
  -> matched COD 1559494 (F m -3 m), wrote Mn15C4_COD1559494.cif
[64/134] Mn5N2 (PENTAMANGANESE DINITRIDE) elements=['Mn', 'N']
  -> matched COD 1532724 (P 63 2 2), wrote Mn5N2_COD1532724.cif
[65/134] MnP3 (MANGANESE TRIPHOSPHIDE) elements=['Mn', 'P']
[66/134] MnSi1.7 (MANGANESE 1.7-SILICON) elements=['Mn', 'Si']
  -> matched COD 2310427 (I -4 2 d), wrote MnSi1.7_COD2310427.cif
[67/134] MoAsO4 (MOLYBDENUM ARSENATE) elements=['As', 'Mo', 'O']
[68/134] MoO2Cl2 (MOLYBDENUM DICHLORIDE DIOXIDE) elements=['Cl', 'Mo', 'O']
[69/134] Na2S3 (DISODIUM TRISULFIDE) elements=['Na', 'S']
[70/134] NbC0.702 (NIOBIUM 0.702-CARBIDE) elements=['C', 'Nb']
[71/134] NbC0.825 (NIOBIUM 0.825-CARBIDE) elements=['C', 'Nb']
  -> matched COD 1536531 (C 1 2/m 1), wrote NbC0.825_COD1536531.cif
[72/134] NbCl2 (NIOBIUM DICHLORIDE) elements=['Cl', 'Nb']
[73/134] NbCl2.33 (NIOBIUM 2.33-CHLORIDE) elements=['Cl', 'Nb']
  -> matched COD 1542039 (B b e m), wrote NbCl2.33_COD1542039.cif
[74/134] NbCI2.67 (NIOBIUM 2.67-CHLORIDE) elements=['Cl', 'Nb']
[75/134] NbCI3 (NIOBIUM TRICHLORIDE) elements=['Cl', 'Nb']
[76/134] NbCI3.13 (NIOBIUM 3.13-CHLORIDE) elements=['Cl', 'Nb']
[77/134] NbO2Cl (NIOBIUM CHLORIDE DIOXIDE) elements=['Cl', 'Nb', 'O']
[78/134] NiS0.84 (NICKEL 0.84-SULFIDE) elements=['Ni', 'S']
  -> matched COD 9007551 (B m m b), wrote NiS0.84_COD9007551.cif
[79/134] NiSe1.05 (NICKEL 1.05-SELENIDE) elements=['Ni', 'Se']
  -> matched COD 1523757 (P 63/m m c), wrote NiSe1.05_COD1523757.cif
[80/134] NiSe1.143 (NICKEL 1.143-SELENIDE) elements=['Ni', 'Se']
[81/134] NiSe1.25 (NICKEL 1.25-SELENIDE) elements=['Ni', 'Se']
  -> matched COD 9009244 (C 1 2/m 1), wrote NiSe1.25_COD9009244.cif
[82/134] Ni7Si13 (7-NICKEL 13-SILICON) elements=['Ni', 'Si']
[83/134] NiTe1.1 (NICKEL 1.1-TELLURIDE) elements=['Ni', 'Te']
  -> matched COD 9009903 (P 63/m m c), wrote NiTe1.1_COD9009903.cif
[84/134] NpOCl2 (NEPTUNIUM DICHLORIDE OXIDE) elements=['Cl', 'Np', 'O']
[85/134] NpO3*H2O (NEPTUNIUM TRIOXIDE HYDRATE) elements=['H', 'Np', 'O']
[86/134] PbB2O4 (LEAD DIBORATE) elements=['B', 'O', 'Pb']
[87/134] 3PbO*PbSO4 (TETRALEAD TRIOXIDE SULFATE) elements=['O', 'Pb', 'S']
[88/134] Pb4SiO6 (TETRALEAD SILICATE) elements=['O', 'Pb', 'Si']
[89/134] PrO1.833 (PRASEODYMIUM 1.833-OXIDE) elements=['O', 'Pr']
  -> matched COD 6000563 (P 1 21/c 1), wrote PrO1.833_COD6000563.cif
[90/134] PtBr2 (PLATINUM DIBROMIDE) elements=['Br', 'Pt']
[91/134] PtBr4 (PLATINUM TETRABROMIDE) elements=['Br', 'Pt']
[92/134] PuC0.88 (PLUTONIUM 0.88-CARBIDE) elements=['C', 'Pu']
[93/134] PuF6 (PLUTONIUM HEXAFLUORIDE) elements=['F', 'Pu']
[94/134] Pu(SO4)2 (PLUTONIUM DISULFATE) elements=['O', 'Pu', 'S']
[95/134] Rb3AsO4 (RUBIDIUM ARSENATE) elements=['As', 'O', 'Rb']
[96/134] Rb2Si4O9 (RUBIDIUM TETRASILICATE) elements=['O', 'Rb', 'Si']
[97/134] ReAsO4 (RHENIUM ARSENATE) elements=['As', 'O', 'Re']
[98/134] ReBr3 (RHENIUM TRIBROMIDE) elements=['Br', 'Re']
[99/134] Re2S7 (DIRHENIUM HEPTASULFIDE) elements=['Re', 'S']
[100/134] Si5Th3 (5-SILICON 3-THORIUM) elements=['Si', 'Th']
[101/134] Si5U3 (5-SILICON 3-URANIUM) elements=['Si', 'U']
  -> matched COD 1527320 (P 6/m m m), wrote Si5U3_COD1527320.cif
[102/134] Sn3(AsO4)2 (TRITIN ARSENATE) elements=['As', 'O', 'Sn']
[103/134] Sn3S4 (TRITIN TETRASULFIDE) elements=['S', 'Sn']
  -> matched COD 7249450 (F d -3 m :2), wrote Sn3S4_COD7249450.cif
[104/134] TaCl2.5 (TANTALUM 2.5-CHLORIDE) elements=['Cl', 'Ta']
  -> matched COD 1534240 (I a -3 d), wrote TaCl2.5_COD1534240.cif
[105/134] TaO2Cl (TANTALUM CHLORIDE DIOXIDE) elements=['Cl', 'O', 'Ta']
[106/134] TbO1.72 (TERBIUM 1.72-OXIDE) elements=['O', 'Tb']
  -> matched COD 1541067 (P -1), wrote TbO1.72_COD1541067.cif
[107/134] TbO1.81 (TERBIUM 1.81-OXIDE) elements=['O', 'Tb']
  -> matched COD 1541067 (P -1), wrote TbO1.81_COD1541067.cif
[108/134] TcO3 (TECHNETIUM TRIOXIDE) elements=['O', 'Tc']
[109/134] ThC1.94 (THORIUM 1.94-CARBIDE) elements=['C', 'Th']
[110/134] ThOBr2 (THORIUM DIBROMIDE OXIDE) elements=['Br', 'O', 'Th']
[111/134] ThOCl2 (THORIUM DICHLORIDE OXIDE) elements=['Cl', 'O', 'Th']
[112/134] ThOF2 (THORIUM DIFLUORIDE OXIDE) elements=['F', 'O', 'Th']
[113/134] ThOl2 (THORIUM DIIODIDE OXIDE) elements=['I', 'O', 'Th']
[114/134] Ti3(AsO4)2 (TRITITANIUM DIARSENATE) elements=['As', 'O', 'Ti']
[115/134] Tl2Se (THALLIUM SELENIDE) elements=['Se', 'Tl']
[116/134] UC1.94 (URANIUM 1.94-CARBIDE) elements=['C', 'U']
[117/134] UF4.25 (URANIUM 4.25-FLUORIDE) elements=['F', 'U']
  -> matched COD 1529905 (I -4 3 m), wrote UF4.25_COD1529905.cif
[118/134] UF4.5 (URANIUM 4.5-FLUORIDE) elements=['F', 'U']
  -> matched COD 1529905 (I -4 3 m), wrote UF4.5_COD1529905.cif
[119/134] U4O9 (TETRAURANIUM NONAOXIDE) elements=['O', 'U']
  -> matched COD 1531670 (I -4 3 d), wrote U4O9_COD1531670.cif
[120/134] UOBr2 (URANIUM DIBROMIDE OXIDE) elements=['Br', 'O', 'U']
[121/134] UOBr3 (URANIUM TRIBROMIDE OXIDE) elements=['Br', 'O', 'U']
[122/134] UO2Br2 (URANIUM DIBROMIDE DIOXIDE) elements=['Br', 'O', 'U']
[123/134] UOCl (URANIUM CHLORIDE OXIDE) elements=['Cl', 'O', 'U']
[124/134] UOCl3 (URANIUM TRICHLORIDE OXIDE) elements=['Cl', 'O', 'U']
[125/134] UO3*2H2O (URANIUM TRIOXIDE DIHYDRATE) elements=['H', 'O', 'U']
  -> matched COD 2102096 (P b c n), wrote UO3_hyd_2H2O_COD2102096.cif
[126/134] VC0.88 (VANADIUM 0.88-CARBIDE) elements=['C', 'V']
  -> matched COD 1540819 (P 31), wrote VC0.88_COD1540819.cif
[127/134] VN0.465 (VANADIUM 0.465-NITRIDE) elements=['N', 'V']
[128/134] WO2.72 (TUNGSTEN 2.72-OXIDE) elements=['O', 'W']
  -> matched COD 1538315 (P 1 2/m 1), wrote WO2.72_COD1538315.cif
[129/134] WO2.90 (TUNGSTEN 2.90-OXIDE) elements=['O', 'W']
  -> matched COD 1538317 (P 1 2/m 1), wrote WO2.90_COD1538317.cif
[130/134] WO2.96 (TUNGSTEN 2.96-OXIDE) elements=['O', 'W']
  -> matched COD 2106889 (P 1 2/c 1), wrote WO2.96_COD2106889.cif
[131/134] ZnSO4*2H2O (ZINC SULFATE DIHYDRATE) elements=['H', 'O', 'S', 'Zn']
[132/134] ZnSO4*6H2O (ZINC SULFATE HEXAHYDRATE) elements=['H', 'O', 'S', 'Zn']
[133/134] ZrF2 (ZIRCONIUM DIFLUORIDE) elements=['F', 'Zr']
[134/134] ZrF3 (ZIRCONIUM TRIFLUORIDE) elements=['F', 'Zr']

Done. COD matched 45 / 134
  COD summary: /home/gridsan/gawinter/projects/thermo_data/cif_match_summary_cod.csv
  Still unmatched (genuine ICSD candidates): /home/gridsan/gawinter/projects/thermo_data/cif_unmatched_for_icsd_final.csv
